<testsuites name="results">
  <testsuite name="all" package="all">
    <property name="random_seed" value="1735372242" />
    <testcase name="nn_testbench" classname="NN_cocotb" file="/home/youssef/digital_design/MatrixMult/NN_cocotb.py" lineno="5" time="0.2760910987854004" sim_time_ns="2400.001" ratio_time="8692.786585870588" />
  </testsuite>
</testsuites>
